[Bootstrap]
SetupTitle=安装
SetupText=正在复制文件，请等待。
CabFile=KT仓储管理系统.CAB
Spawn=Setup1.exe
Uninstal=st6unst.exe
TmpDir=msftqws.pdw
Cabs=1

[Bootstrap Files]
File1=@VB6STKIT.DLL,$(WinSysPathSysFile),,,7/6/98 12:00:00 AM,101888,6.0.84.50
File2=@COMCAT.DLL,$(WinSysPathSysFile),$(DLLSelfRegister),,5/31/98 12:00:00 AM,22288,4.71.1460.1
File3=@VB6CHS.DLL,$(WinSysPath),,$(Shared),7/6/98 12:00:00 AM,102160,6.0.89.88
File4=@stdole2.tlb,$(WinSysPathSysFile),$(TLBRegister),,4/14/08 8:00:00 PM,16896,5.1.2600.5512
File5=@asycfilt.dll,$(WinSysPathSysFile),,,3/5/10 10:37:40 PM,65536,5.1.2600.5949
File6=@olepro32.dll,$(WinSysPathSysFile),$(DLLSelfRegister),,4/14/08 8:00:00 PM,84992,5.1.2600.5512
File7=@oleaut32.dll,$(WinSysPathSysFile),$(DLLSelfRegister),,4/14/08 8:00:00 PM,551936,5.1.2600.5512
File8=@msvbvm60.dll,$(WinSysPathSysFile),$(DLLSelfRegister),,4/14/08 8:00:00 PM,1384479,6.0.98.2

[IconGroups]
Group0=KT仓储管理系统
PrivateGroup0=-1
Parent0=$(Programs)

[KT仓储管理系统]
Icon1="KT仓储管理系统.exe"
Title1=KT仓储管理系统
StartIn1=$(AppPath)
Icon2="注册码生成器.exe"
Title2=注册机
StartIn2=$(AppPath)

[Setup]
Title=KT仓储管理系统
DefaultDir=$(ProgramFiles)\工程1
AppExe=KT仓储管理系统.exe
AppToUninstall=KT仓储管理系统.exe

[Setup1 Files]
File1=@kt.mdb,$(AppPath)\db,,,5/21/11 11:09:43 AM,241664,0.0.0.0
File2=@注册码生成器.exe,$(AppPath),,,5/6/11 5:50:44 PM,32768,1.0.0.0
File3=@MDAC_TYP.EXE,$(AppPath),,,7/24/98 12:00:00 AM,6676784,4.71.1015.0
File4=@VB5DB.DLL,$(WinSysPath),,$(Shared),6/18/98 12:00:00 AM,89360,6.0.81.69
File5=@msjtes40.dll,$(WinSysPathSysFile),$(DLLSelfRegister),,4/14/08 8:00:00 PM,248608,4.0.9502.0
File6=@msrepl40.dll,$(WinSysPathSysFile),,,4/14/08 8:00:00 PM,559904,4.0.9502.0
File7=@msrd3x40.dll,$(WinSysPathSysFile),$(DLLSelfRegister),,4/14/08 8:00:00 PM,322336,4.0.9502.0
File8=@msrd2x40.dll,$(WinSysPathSysFile),$(DLLSelfRegister),,4/14/08 8:00:00 PM,432928,4.0.9502.0
File9=@mswdat10.dll,$(WinSysPathSysFile),,,4/14/08 8:00:00 PM,838432,4.0.9502.0
File10=@mswstr10.dll,$(WinSysPathSysFile),,,4/14/08 8:00:00 PM,621344,4.0.9502.0
File11=@expsrv.dll,$(WinSysPathSysFile),,,4/14/08 8:00:00 PM,380445,6.0.72.9590
File12=@vbajet32.dll,$(WinSysPathSysFile),,,4/14/08 8:00:00 PM,30749,6.0.1.9432
File13=@msjint40.dll,$(WinSysPathSysFile),,,4/14/08 8:00:00 PM,158496,4.0.9502.0
File14=@msjter40.dll,$(WinSysPathSysFile),,,4/14/08 8:00:00 PM,60192,4.0.9502.0
File15=@msjet40.dll,$(WinSysPathSysFile),$(DLLSelfRegister),,4/14/08 8:00:00 PM,1516568,4.0.9511.0
File16=@dao360.dll,$(MSDAOPath),$(DLLSelfRegister),$(Shared),4/14/08 8:00:00 PM,554008,3.60.9512.0
File17=@STDFTCHS.DLL,$(WinSysPath),,$(Shared),7/7/98 12:00:00 AM,6144,6.0.81.63
File18=@MSSTDFMT.DLL,$(WinSysPath),$(DLLSelfRegister),$(Shared),6/18/98 12:00:00 AM,119808,6.1.97.82
File19=@MSBIND.DLL,$(WinSysPath),$(DLLSelfRegister),$(Shared),6/18/98 12:00:00 AM,78848,6.1.97.82
File20=@DATLSCHS.DLL,$(WinSysPath),,$(Shared),7/7/98 12:00:00 AM,26624,6.0.81.63
File21=@MSDATLST.OCX,$(WinSysPath),$(DLLSelfRegister),$(Shared),6/24/98 12:00:00 AM,234016,6.0.84.18
File22=@DATGDCHS.DLL,$(WinSysPath),,$(Shared),7/7/98 12:00:00 AM,25088,6.0.81.63
File23=@MSDATGRD.OCX,$(WinSysPath),$(DLLSelfRegister),$(Shared),6/24/98 12:00:00 AM,275216,6.1.97.82
File24=@ADODCCHS.DLL,$(WinSysPath),,$(Shared),7/7/98 12:00:00 AM,14336,6.0.81.63
File25=@MSADODC.OCX,$(WinSysPath),$(DLLSelfRegister),$(Shared),6/24/98 12:00:00 AM,131856,6.1.97.82
File26=@KT仓储管理系统.exe,$(AppPath),,,7/15/11 9:14:08 AM,561152,1.0.0.0

; 要在满的安装盘上定制该文件，需要额外的空间，下列行可能被删除。
; 
; XXXXXXXXXXXXXXXXXXXXXXXXXXXXXXXXXXXXXXXXXXXXXXXXXXXXXXXXXXXX
; XXXXXXXXXXXXXXXXXXXXXXXXXXXXXXXXXXXXXXXXXXXXXXXXXXXXXXXXXXXX
; XXXXXXXXXXXXXXXXXXXXXXXXXXXXXXXXXXXXXXXXXXXXXXXXXXXXXXXXXXXX
; XXXXXXXXXXXXXXXXXXXXXXXXXXXXXXXXXXXXXXXXXXXXXXXXXXXXXXXXXXXX
; XXXXXXXXXXXXXXXXXXXXXXXXXXXXXXXXXXXXXXXXXXXXXXXXXXXXXXXXXXXX
; XXXXXXXXXXXXXXXXXXXXXXXXXXXXXXXXXXXXXXXXXXXXXXXXXXXXXXXXXXXX
; XXXXXXXXXXXXXXXXXXXXXXXXXXXXXXXXXXXXXXXXXXXXXXXXXXXXXXXXXXXX
; XXXXXXXXXXXXXXXXXXXXXXXXXXXXXXXXXXXXXXXXXXXXXXXXXXXXXXXXXXXX
; XXXXXXXXXXXXXXXXXXXXXXXXXXXXXXXXXXXXXXXXXXXXXXXXXXXXXXXXXXXX
; XXXXXXXXXXXXXXXXXXXXXXXXXXXXXXXXXXXXXXXXXXXXXXXXXXXXXXXXXXXX
; XXXXXXXXXXXXXXXXXXXXXXXXXXXXXXXXXXXXXXXXXXXXXXXXXXXXXXXXXXXX
; XXXXXXXXXXXXXXXXXXXXXXXXXXXXXXXXXXXXXXXXXXXXXXXXXXXXXXXXXXXX
; XXXXXXXXXXXXXXXXXXXXXXXXXXXXXXXXXXXXXXXXXXXXXXXXXXXXXXXXXXXX
; XXXXXXXXXXXXXXXXXXXXXXXXXXXXXXXXXXXXXXXXXXXXXXXXXXXXXXXXXXXX
; XXXXXXXXXXXXXXXXXXXXXXXXXXXXXXXXXXXXXXXXXXXXXXXXXXXXXXXXXXXX
; XXXXXXXXXXXXXXXXXXXXXXXXXXXXXXXXXXXXXXXXXXXXXXXXXXXXXXXXXXXX
; XXXXXXXXXXXXXXXXXXXXXXXXXXXXXXXXXXXXXXXXXXXXXXXXXXXXXXXXXXXX
; XXXXXXXXXXXXXXXXXXXXXXXXXXXXXXXXXXXXXXXXXXXXXXXXXXXXXXXXXXXX
; XXXXXXXXXXXXXXXXXXXXXXXXXXXXXXXXXXXXXXXXXXXXXXXXXXXXXXXXXXXX
; XXXXXXXXXXXXXXXXXXXXXXXXXXXXXXXXXXXXXXXXXXXXXXXXXXXXXXXXXXXX
; XXXXXXXXXXXXXXXXXXXXXXXXXXXXXXXXXXXXXXXXXXXXXXXXXXXXXXXXXXXX
; XXXXXXXXXXXXXXXXXXXXXXXXXXXXXXXXXXXXXXXXXXXXXXXXXXXXXXXXXXXX
; XXXXXXXXXXXXXXXXXXXXXXXXXXXXXXXXXXXXXXXXXXXXXXXXXXXXXXXXXXXX
; XXXXXXXXXXXXXXXXXXXXXXXXXXXXXXXXXXXXXXXXXXXXXXXXXXXXXXXXXXXX
; XXXXXXXXXXXXXXXXXXXXXXXXXXXXXXXXXXXXXXXXXXXXXXXXXXXXXXXXXXXX
; XXXXXXXXXXXXXXXXXXXXXXXXXXXXXXXXXXXXXXXXXXXXXXXXXXXXXXXXXXXX
; XXXXXXXXXXXXXXXXXXXXXXXXXXXXXXXXXXXXXXXXXXXXXXXXXXXXXXXXXXXX
; XXXXXXXXXXXXXXXXXXXXXXXXXXXXXXXXXXXXXXXXXXXXXXXXXXXXXXXXXXXX
; XXXXXXXXXXXXXXXXXXXXXXXXXXXXXXXXXXXXXXXXXXXXXXXXXXXXXXXXXXXX
; XXXXXXXXXXXXXXXXXXXXXXXXXXXXXXXXXXXXXXXXXXXXXXXXXXXXXXXXXXXX
; XXXXXXXXXXXXXXXXXXXXXXXXXXXXXXXXXXXXXXXXXXXXXXXXXXXXXXXXXXXX
; XXXXXXXXXXXXXXXXXXXXXXXXXXXXXXXXXXXXXXXXXXXXXXXXXXXXXXXXXXXX
; XXXXXXXXXXXXXXXXXXXXXXXXXXXXXXXXXXXXXXXXXXXXXXXXXXXXXXXXXXXX
; XXXXXXXXXXXXXXXXXXXXXXXXXXXXXXXXXXXXXXXXXXXXXXXXXXXXXXXXXXXX
; XXXXXXXXXXXXXXXXXXXXXXXXXXXXXXXXXXXXXXXXXXXXXXXXXXXXXXXXXXXX
